Archive member included because of file (symbol)

.\CortexM3\ARM_GCC_473\Debug\Mux_SAR_ADC_Test.a(cyfitter_cfg.o)
                              .\CortexM3\ARM_GCC_473\Debug\Cm3Start.o (cyfitter_cfg)
.\CortexM3\ARM_GCC_473\Debug\Mux_SAR_ADC_Test.a(ADC_SAR_Seq_1.o)
                              .\CortexM3\ARM_GCC_473\Debug\main.o (ADC_SAR_Seq_1_finalArray)
.\CortexM3\ARM_GCC_473\Debug\Mux_SAR_ADC_Test.a(ADC_SAR_Seq_1_INT.o)
                              .\CortexM3\ARM_GCC_473\Debug\Mux_SAR_ADC_Test.a(ADC_SAR_Seq_1.o) (ADC_SAR_Seq_1_ISR)
.\CortexM3\ARM_GCC_473\Debug\Mux_SAR_ADC_Test.a(DMA_1_dma.o)
                              .\CortexM3\ARM_GCC_473\Debug\main.o (DMA_1_DmaInitialize)
.\CortexM3\ARM_GCC_473\Debug\Mux_SAR_ADC_Test.a(ADC_SAR_Seq_1_SAR.o)
                              .\CortexM3\ARM_GCC_473\Debug\Mux_SAR_ADC_Test.a(ADC_SAR_Seq_1.o) (ADC_SAR_Seq_1_SAR_shift)
.\CortexM3\ARM_GCC_473\Debug\Mux_SAR_ADC_Test.a(ADC_SAR_Seq_1_TempBuf_dma.o)
                              .\CortexM3\ARM_GCC_473\Debug\Mux_SAR_ADC_Test.a(ADC_SAR_Seq_1.o) (ADC_SAR_Seq_1_TempBuf_DmaInitialize)
.\CortexM3\ARM_GCC_473\Debug\Mux_SAR_ADC_Test.a(ADC_SAR_Seq_1_FinalBuf_dma.o)
                              .\CortexM3\ARM_GCC_473\Debug\Mux_SAR_ADC_Test.a(ADC_SAR_Seq_1.o) (ADC_SAR_Seq_1_FinalBuf_DmaInitialize)
.\CortexM3\ARM_GCC_473\Debug\Mux_SAR_ADC_Test.a(ADC_SAR_Seq_1_IRQ.o)
                              .\CortexM3\ARM_GCC_473\Debug\main.o (ADC_SAR_Seq_1_IRQ_Disable)
.\CortexM3\ARM_GCC_473\Debug\Mux_SAR_ADC_Test.a(CyBootAsmGnu.o)
                              .\CortexM3\ARM_GCC_473\Debug\Mux_SAR_ADC_Test.a(cyfitter_cfg.o) (CyDelayCycles)
.\CortexM3\ARM_GCC_473\Debug\Mux_SAR_ADC_Test.a(CyDmac.o)
                              .\CortexM3\ARM_GCC_473\Debug\Cm3Start.o (CyDmacConfigure)
.\CortexM3\ARM_GCC_473\Debug\Mux_SAR_ADC_Test.a(CyLib.o)
                              .\CortexM3\ARM_GCC_473\Debug\Cm3Start.o (CyResetStatus)
.\CortexM3\ARM_GCC_473\Debug\Mux_SAR_ADC_Test.a(cyPm.o)
                              .\CortexM3\ARM_GCC_473\Debug\Mux_SAR_ADC_Test.a(CyLib.o) (CyPmReadStatus)
.\CortexM3\ARM_GCC_473\Debug\Mux_SAR_ADC_Test.a(isr_1.o)
                              .\CortexM3\ARM_GCC_473\Debug\main.o (isr_1_Start)
.\CortexM3\ARM_GCC_473\Debug\Mux_SAR_ADC_Test.a(LCD.o)
                              .\CortexM3\ARM_GCC_473\Debug\main.o (LCD_Start)
.\CortexM3\ARM_GCC_473\Debug\Mux_SAR_ADC_Test.a(CyFlash.o)
                              .\CortexM3\ARM_GCC_473\Debug\Mux_SAR_ADC_Test.a(cyPm.o) (CyFlash_SetWaitCycles)
.\CortexM3\ARM_GCC_473\Debug\Mux_SAR_ADC_Test.a(CySpc.o)
                              .\CortexM3\ARM_GCC_473\Debug\Mux_SAR_ADC_Test.a(CyFlash.o) (CySpcStart)
c:/program files (x86)/cypress/psoc creator/3.0/psoc creator/import/gnu_cs/arm/4.7.3/bin/../lib/gcc/arm-none-eabi/4.7.3/armv7-m\libgcc.a(_arm_addsubsf3.o)
                              .\CortexM3\ARM_GCC_473\Debug\Mux_SAR_ADC_Test.a(ADC_SAR_Seq_1_SAR.o) (__aeabi_i2f)
c:/program files (x86)/cypress/psoc creator/3.0/psoc creator/import/gnu_cs/arm/4.7.3/bin/../lib/gcc/arm-none-eabi/4.7.3/armv7-m\libgcc.a(_arm_muldivsf3.o)
                              .\CortexM3\ARM_GCC_473\Debug\Mux_SAR_ADC_Test.a(ADC_SAR_Seq_1_SAR.o) (__aeabi_fmul)
c:/program files (x86)/cypress/psoc creator/3.0/psoc creator/import/gnu_cs/arm/4.7.3/bin/../lib/gcc/arm-none-eabi/4.7.3/armv7-m\libgcc.a(_aeabi_ldivmod.o)
                              .\CortexM3\ARM_GCC_473\Debug\Mux_SAR_ADC_Test.a(ADC_SAR_Seq_1_SAR.o) (__aeabi_ldivmod)
c:/program files (x86)/cypress/psoc creator/3.0/psoc creator/import/gnu_cs/arm/4.7.3/bin/../lib/gcc/arm-none-eabi/4.7.3/armv7-m\libgcc.a(bpabi.o)
                              c:/program files (x86)/cypress/psoc creator/3.0/psoc creator/import/gnu_cs/arm/4.7.3/bin/../lib/gcc/arm-none-eabi/4.7.3/armv7-m\libgcc.a(_aeabi_ldivmod.o) (__gnu_ldivmod_helper)
c:/program files (x86)/cypress/psoc creator/3.0/psoc creator/import/gnu_cs/arm/4.7.3/bin/../lib/gcc/arm-none-eabi/4.7.3/armv7-m\libgcc.a(_dvmd_tls.o)
                              c:/program files (x86)/cypress/psoc creator/3.0/psoc creator/import/gnu_cs/arm/4.7.3/bin/../lib/gcc/arm-none-eabi/4.7.3/armv7-m\libgcc.a(_aeabi_ldivmod.o) (__aeabi_ldiv0)
c:/program files (x86)/cypress/psoc creator/3.0/psoc creator/import/gnu_cs/arm/4.7.3/bin/../lib/gcc/arm-none-eabi/4.7.3/armv7-m\libgcc.a(_divdi3.o)
                              c:/program files (x86)/cypress/psoc creator/3.0/psoc creator/import/gnu_cs/arm/4.7.3/bin/../lib/gcc/arm-none-eabi/4.7.3/armv7-m\libgcc.a(bpabi.o) (__divdi3)
c:/program files (x86)/cypress/psoc creator/3.0/psoc creator/import/gnu_cs/arm/4.7.3/bin/../lib/gcc/arm-none-eabi/4.7.3/armv7-m\libgcc.a(_udivdi3.o)
                              c:/program files (x86)/cypress/psoc creator/3.0/psoc creator/import/gnu_cs/arm/4.7.3/bin/../lib/gcc/arm-none-eabi/4.7.3/armv7-m\libgcc.a(bpabi.o) (__udivdi3)
[...]
Memory Configuration

Name             Origin             Length             Attributes
rom              0x00000000         0x00040000         xr
ram              0x1fff8000         0x00010000         xrw
*default*        0x00000000         0xffffffff

Linker script and memory map

LOAD c:/program files (x86)/cypress/psoc creator/3.0/psoc creator/import/gnu_cs/arm/4.7.3/bin/../lib/gcc/arm-none-eabi/4.7.3/armv7-m/crti.o
LOAD c:/program files (x86)/cypress/psoc creator/3.0/psoc creator/import/gnu_cs/arm/4.7.3/bin/../lib/gcc/arm-none-eabi/4.7.3/armv7-m/crtbegin.o
LOAD c:/program files (x86)/cypress/psoc creator/3.0/psoc creator/import/gnu_cs/arm/4.7.3/bin/../lib/gcc/arm-none-eabi/4.7.3/../../../../arm-none-eabi/lib/armv7-m/crt0.o
START GROUP
LOAD .\CortexM3\ARM_GCC_473\Debug\main.o
LOAD .\CortexM3\ARM_GCC_473\Debug\cymetadata.o
LOAD .\CortexM3\ARM_GCC_473\Debug\Cm3Start.o
LOAD .\CortexM3\ARM_GCC_473\Debug\Mux_SAR_ADC_Test.a
LOAD C:\Program Files (x86)\Cypress\PSoC Creator\3.0\PSoC Creator\psoc\content\cycomponentlibrary\CyComponentLibrary.cylib\CortexM3\ARM_GCC_473\Debug\CyComponentLibrary.a
END GROUP
START GROUP
LOAD c:/program files (x86)/cypress/psoc creator/3.0/psoc creator/import/gnu_cs/arm/4.7.3/bin/../lib/gcc/arm-none-eabi/4.7.3/armv7-m\libgcc.a
LOAD c:/program files (x86)/cypress/psoc creator/3.0/psoc creator/import/gnu_cs/arm/4.7.3/bin/../lib/gcc/arm-none-eabi/4.7.3/../../../../arm-none-eabi/lib/armv7-m\libc_s.a
END GROUP
LOAD c:/program files (x86)/cypress/psoc creator/3.0/psoc creator/import/gnu_cs/arm/4.7.3/bin/../lib/gcc/arm-none-eabi/4.7.3/armv7-m/crtend.o
LOAD c:/program files (x86)/cypress/psoc creator/3.0/psoc creator/import/gnu_cs/arm/4.7.3/bin/../lib/gcc/arm-none-eabi/4.7.3/armv7-m/crtn.o
START GROUP
LOAD c:/program files (x86)/cypress/psoc creator/3.0/psoc creator/import/gnu_cs/arm/4.7.3/bin/../lib/gcc/arm-none-eabi/4.7.3/armv7-m\libgcc.a
LOAD c:/program files (x86)/cypress/psoc creator/3.0/psoc creator/import/gnu_cs/arm/4.7.3/bin/../lib/gcc/arm-none-eabi/4.7.3/../../../../arm-none-eabi/lib/armv7-m\libc.a
LOAD c:/program files (x86)/cypress/psoc creator/3.0/psoc creator/import/gnu_cs/arm/4.7.3/bin/../lib/gcc/arm-none-eabi/4.7.3/../../../../arm-none-eabi/lib/armv7-m\libnosys.a
END GROUP
                0x00000000                CY_APPL_ORIGIN = 0x0
                0x00000100                CY_FLASH_ROW_SIZE = 0x100
                0x00000020                CY_ECC_ROW_SIZE = 0x20
                0x00000000                CY_EE_IN_BTLDR = 0x0
                0x00000000                CY_APPL_LOADABLE = 0x0
                0x00000800                CY_EE_SIZE = 0x800
                0x00000001                CY_APPL_NUM = 0x1
                0x00000001                CY_APPL_MAX = 0x1
                0x00000040                CY_METADATA_SIZE = 0x40
                0x1fff81a0                PROVIDE (__cy_heap_start, _end)
                0x00000001                PROVIDE (__cy_region_num, ((__cy_regions_end - __cy_regions) / 0x10))
                0x20008000                PROVIDE (__cy_stack, (ORIGIN (ram) + 0x10000))
                0x20004000                PROVIDE (__cy_heap_end, (__cy_stack - 0x4000))

.cybootloader   0x00000000        0x0
 *(.cybootloader)
                0x00000000                appl1_start = CY_APPL_ORIGIN?CY_APPL_ORIGIN:ALIGN (CY_FLASH_ROW_SIZE)
                0x0001ff00                appl2_start = (appl1_start + ALIGN ((((0x40000 - appl1_start) - (0x2 * CY_FLASH_ROW_SIZE)) / 0x2), CY_FLASH_ROW_SIZE))
                0x00000000                appl_start = (CY_APPL_NUM == 0x1)?appl1_start:appl2_start
                0x00000000                ecc_offset = ((appl_start / CY_FLASH_ROW_SIZE) * CY_ECC_ROW_SIZE)
                0x00000000                ee_offset = (CY_APPL_LOADABLE && ! (CY_EE_IN_BTLDR))?((CY_EE_SIZE / CY_APPL_MAX) * (CY_APPL_NUM - 0x1)):0x0
                0x00000800                ee_size = (CY_APPL_LOADABLE && ! (CY_EE_IN_BTLDR))?(CY_EE_SIZE / CY_APPL_MAX):CY_EE_SIZE
                0x00000000                PROVIDE (CY_ECC_OFFSET, ecc_offset)

.text           0x00000000     0x1dea
 CREATE_OBJECT_SYMBOLS
                0x00000000                PROVIDE (__cy_interrupt_vector, RomVectors)
 *(.romvectors)
 .romvectors    0x00000000       0x10 .\CortexM3\ARM_GCC_473\Debug\Cm3Start.o
                0x00000000                RomVectors
                0x00000001                ASSERT ((. != __cy_interrupt_vector), No interrupt vector)
                0x00000001                ASSERT (CY_APPL_ORIGIN?(SIZEOF (.cybootloader) <= CY_APPL_ORIGIN):0x1, Wrong image location)
                0x00000010                PROVIDE (__cy_reset, Reset)
 *(.text.Reset)
 .text.Reset    0x00000010       0x1c .\CortexM3\ARM_GCC_473\Debug\Cm3Start.o
                0x00000010                Reset
                0x00000001                ASSERT ((. != __cy_reset), No reset code)
 *(.dma_init)
                0x00000001                ASSERT ((((appl_start + .) <= 0x10000) || 0x1), DMA Init must be within the first 64k of flash)
 *(.text .text.* .gnu.linkonce.t.*)
 .text          0x0000002c       0x54 c:/program files (x86)/cypress/psoc creator/3.0/psoc creator/import/gnu_cs/arm/4.7.3/bin/../lib/gcc/arm-none-eabi/4.7.3/armv7-m/crtbegin.o
 .text.main     0x00000080      0x270 .\CortexM3\ARM_GCC_473\Debug\main.o
                0x00000080                main
 .text.IntDefaultHandler
                0x000002f0        0x8 .\CortexM3\ARM_GCC_473\Debug\Cm3Start.o
                0x000002f0                IntDefaultHandler
 .text.Start_c  0x000002f8       0xcc .\CortexM3\ARM_GCC_473\Debug\Cm3Start.o
                0x000002f8                Start_c
 .text.initialize_psoc
                0x000003c4       0xb8 .\CortexM3\ARM_GCC_473\Debug\Cm3Start.o
                0x000003c4                initialize_psoc
 .text.CYMEMZERO
                0x0000047c       0x20 .\CortexM3\ARM_GCC_473\Debug\Mux_SAR_ADC_Test.a(cyfitter_cfg.o)
 .text.CYCONFIGCPY
                0x0000049c       0x20 .\CortexM3\ARM_GCC_473\Debug\Mux_SAR_ADC_Test.a(cyfitter_cfg.o)
 .text.CyClockStartupError
                0x000004bc        0xc .\CortexM3\ARM_GCC_473\Debug\Mux_SAR_ADC_Test.a(cyfitter_cfg.o)
 .text.cfg_write_bytes32
                0x000004c8       0x84 .\CortexM3\ARM_GCC_473\Debug\Mux_SAR_ADC_Test.a(cyfitter_cfg.o)
 .text.ClockSetup
                0x0000054c      0x1d4 .\CortexM3\ARM_GCC_473\Debug\Mux_SAR_ADC_Test.a(cyfitter_cfg.o)
 .text.AnalogSetDefault
                0x00000720      0x120 .\CortexM3\ARM_GCC_473\Debug\Mux_SAR_ADC_Test.a(cyfitter_cfg.o)
 .text.cyfitter_cfg
                0x00000840      0x20c .\CortexM3\ARM_GCC_473\Debug\Mux_SAR_ADC_Test.a(cyfitter_cfg.o)
                0x00000840                cyfitter_cfg
 .text.ADC_SAR_Seq_1_TempBufDmaInit
                0x00000a4c       0x78 .\CortexM3\ARM_GCC_473\Debug\Mux_SAR_ADC_Test.a(ADC_SAR_Seq_1.o)
 .text.ADC_SAR_Seq_1_FinalBufDmaInit
                0x00000ac4       0x80 .\CortexM3\ARM_GCC_473\Debug\Mux_SAR_ADC_Test.a(ADC_SAR_Seq_1.o)
 .text.ADC_SAR_Seq_1_Init
                0x00000b44       0x60 .\CortexM3\ARM_GCC_473\Debug\Mux_SAR_ADC_Test.a(ADC_SAR_Seq_1.o)
                0x00000b44                ADC_SAR_Seq_1_Init
 .text.ADC_SAR_Seq_1_Enable
                0x00000ba4       0xb0 .\CortexM3\ARM_GCC_473\Debug\Mux_SAR_ADC_Test.a(ADC_SAR_Seq_1.o)
                0x00000ba4                ADC_SAR_Seq_1_Enable
 .text.ADC_SAR_Seq_1_Start
                0x00000c54       0x38 .\CortexM3\ARM_GCC_473\Debug\Mux_SAR_ADC_Test.a(ADC_SAR_Seq_1.o)
                0x00000c54                ADC_SAR_Seq_1_Start
 .text.ADC_SAR_Seq_1_StartConvert
                0x00000c8c        0xc .\CortexM3\ARM_GCC_473\Debug\Mux_SAR_ADC_Test.a(ADC_SAR_Seq_1.o)
                0x00000c8c                ADC_SAR_Seq_1_StartConvert
 .text.ADC_SAR_Seq_1_StopConvert
                0x00000c98        0xc .\CortexM3\ARM_GCC_473\Debug\Mux_SAR_ADC_Test.a(ADC_SAR_Seq_1.o)
                0x00000c98                ADC_SAR_Seq_1_StopConvert
 .text.ADC_SAR_Seq_1_GetResult16
                0x00000ca4       0x40 .\CortexM3\ARM_GCC_473\Debug\Mux_SAR_ADC_Test.a(ADC_SAR_Seq_1.o)
                0x00000ca4                ADC_SAR_Seq_1_GetResult16
 .text.ADC_SAR_Seq_1_ISR
                0x00000ce4        0xc .\CortexM3\ARM_GCC_473\Debug\Mux_SAR_ADC_Test.a(ADC_SAR_Seq_1_INT.o)
                0x00000ce4                ADC_SAR_Seq_1_ISR
 .text.DMA_1_DmaInitialize
                0x00000cf0       0x84 .\CortexM3\ARM_GCC_473\Debug\Mux_SAR_ADC_Test.a(DMA_1_dma.o)
                0x00000cf0                DMA_1_DmaInitialize
 .text.ADC_SAR_Seq_1_SAR_Start
                0x00000d74       0x2c .\CortexM3\ARM_GCC_473\Debug\Mux_SAR_ADC_Test.a(ADC_SAR_Seq_1_SAR.o)
                0x00000d74                ADC_SAR_Seq_1_SAR_Start
 .text.ADC_SAR_Seq_1_SAR_Init
                0x00000da0       0x38 .\CortexM3\ARM_GCC_473\Debug\Mux_SAR_ADC_Test.a(ADC_SAR_Seq_1_SAR.o)
                0x00000da0                ADC_SAR_Seq_1_SAR_Init
 .text.ADC_SAR_Seq_1_SAR_Enable
                0x00000dd8      0x104 .\CortexM3\ARM_GCC_473\Debug\Mux_SAR_ADC_Test.a(ADC_SAR_Seq_1_SAR.o)
                0x00000dd8                ADC_SAR_Seq_1_SAR_Enable
 .text.ADC_SAR_Seq_1_SAR_SetResolution
                0x00000edc       0x60 .\CortexM3\ARM_GCC_473\Debug\Mux_SAR_ADC_Test.a(ADC_SAR_Seq_1_SAR.o)
                0x00000edc                ADC_SAR_Seq_1_SAR_SetResolution
 .text.ADC_SAR_Seq_1_SAR_StartConvert
                0x00000f3c       0x28 .\CortexM3\ARM_GCC_473\Debug\Mux_SAR_ADC_Test.a(ADC_SAR_Seq_1_SAR.o)
                0x00000f3c                ADC_SAR_Seq_1_SAR_StartConvert
 .text.ADC_SAR_Seq_1_SAR_StopConvert
                0x00000f64       0x28 .\CortexM3\ARM_GCC_473\Debug\Mux_SAR_ADC_Test.a(ADC_SAR_Seq_1_SAR.o)
                0x00000f64                ADC_SAR_Seq_1_SAR_StopConvert
 .text.ADC_SAR_Seq_1_SAR_CalcGain
                0x00000f8c       0x94 .\CortexM3\ARM_GCC_473\Debug\Mux_SAR_ADC_Test.a(ADC_SAR_Seq_1_SAR.o)
 .text.ADC_SAR_Seq_1_TempBuf_DmaInitialize
                0x00001020       0x84 .\CortexM3\ARM_GCC_473\Debug\Mux_SAR_ADC_Test.a(ADC_SAR_Seq_1_TempBuf_dma.o)
                0x00001020                ADC_SAR_Seq_1_TempBuf_DmaInitialize
 .text.ADC_SAR_Seq_1_FinalBuf_DmaInitialize
                0x000010a4       0x84 .\CortexM3\ARM_GCC_473\Debug\Mux_SAR_ADC_Test.a(ADC_SAR_Seq_1_FinalBuf_dma.o)
                0x000010a4                ADC_SAR_Seq_1_FinalBuf_DmaInitialize
 .text.ADC_SAR_Seq_1_IRQ_SetVector
                0x00001128       0x28 .\CortexM3\ARM_GCC_473\Debug\Mux_SAR_ADC_Test.a(ADC_SAR_Seq_1_IRQ.o)
                0x00001128                ADC_SAR_Seq_1_IRQ_SetVector
 .text.ADC_SAR_Seq_1_IRQ_SetPriority
                0x00001150       0x28 .\CortexM3\ARM_GCC_473\Debug\Mux_SAR_ADC_Test.a(ADC_SAR_Seq_1_IRQ.o)
                0x00001150                ADC_SAR_Seq_1_IRQ_SetPriority
 .text.ADC_SAR_Seq_1_IRQ_Disable
                0x00001178       0x18 .\CortexM3\ARM_GCC_473\Debug\Mux_SAR_ADC_Test.a(ADC_SAR_Seq_1_IRQ.o)
                0x00001178                ADC_SAR_Seq_1_IRQ_Disable
 .text          0x00001190       0x28 .\CortexM3\ARM_GCC_473\Debug\Mux_SAR_ADC_Test.a(CyBootAsmGnu.o)
                0x00001190                CyDelayCycles
                0x000011a4                CyEnterCriticalSection
                0x000011ac                CyExitCriticalSection
 .text.CyDmacConfigure
                0x000011b8       0x70 .\CortexM3\ARM_GCC_473\Debug\Mux_SAR_ADC_Test.a(CyDmac.o)
                0x000011b8                CyDmacConfigure
 .text.CyDmaChEnable
                0x00001228       0xbc .\CortexM3\ARM_GCC_473\Debug\Mux_SAR_ADC_Test.a(CyDmac.o)
                0x00001228                CyDmaChEnable
 .text.CyDmaChPriority
                0x000012e4       0x70 .\CortexM3\ARM_GCC_473\Debug\Mux_SAR_ADC_Test.a(CyDmac.o)
                0x000012e4                CyDmaChPriority
 .text.CyDmaChSetExtendedAddress
                0x00001354       0x88 .\CortexM3\ARM_GCC_473\Debug\Mux_SAR_ADC_Test.a(CyDmac.o)
                0x00001354                CyDmaChSetExtendedAddress
 .text.CyDmaChSetInitialTd
                0x000013dc       0x44 .\CortexM3\ARM_GCC_473\Debug\Mux_SAR_ADC_Test.a(CyDmac.o)
                0x000013dc                CyDmaChSetInitialTd
 .text.CyDmaChSetConfiguration
                0x00001420       0xa4 .\CortexM3\ARM_GCC_473\Debug\Mux_SAR_ADC_Test.a(CyDmac.o)
                0x00001420                CyDmaChSetConfiguration
 .text.CyDmaTdAllocate
                0x000014c4       0x78 .\CortexM3\ARM_GCC_473\Debug\Mux_SAR_ADC_Test.a(CyDmac.o)
                0x000014c4                CyDmaTdAllocate
 .text.CyDmaTdSetConfiguration
                0x0000153c       0x7c .\CortexM3\ARM_GCC_473\Debug\Mux_SAR_ADC_Test.a(CyDmac.o)
                0x0000153c                CyDmaTdSetConfiguration
 .text.CyDmaTdSetAddress
                0x000015b8       0x68 .\CortexM3\ARM_GCC_473\Debug\Mux_SAR_ADC_Test.a(CyDmac.o)
                0x000015b8                CyDmaTdSetAddress
 .text.CyHalt   0x00001620       0x18 .\CortexM3\ARM_GCC_473\Debug\Mux_SAR_ADC_Test.a(CyLib.o)
                0x00001620                CyHalt
 .text.CyDelay  0x00001638       0x48 .\CortexM3\ARM_GCC_473\Debug\Mux_SAR_ADC_Test.a(CyLib.o)
                0x00001638                CyDelay
 .text.CyDelayUs
                0x00001680       0x28 .\CortexM3\ARM_GCC_473\Debug\Mux_SAR_ADC_Test.a(CyLib.o)
                0x00001680                CyDelayUs
 .text.isr_1_Start
                0x000016a8       0x24 .\CortexM3\ARM_GCC_473\Debug\Mux_SAR_ADC_Test.a(isr_1.o)
                0x000016a8                isr_1_Start
 .text.isr_1_Interrupt
                0x000016cc       0x18 .\CortexM3\ARM_GCC_473\Debug\Mux_SAR_ADC_Test.a(isr_1.o)
                0x000016cc                isr_1_Interrupt
 .text.isr_1_SetVector
                0x000016e4       0x28 .\CortexM3\ARM_GCC_473\Debug\Mux_SAR_ADC_Test.a(isr_1.o)
                0x000016e4                isr_1_SetVector
 .text.isr_1_SetPriority
                0x0000170c       0x28 .\CortexM3\ARM_GCC_473\Debug\Mux_SAR_ADC_Test.a(isr_1.o)
                0x0000170c                isr_1_SetPriority
 .text.isr_1_Enable
                0x00001734       0x18 .\CortexM3\ARM_GCC_473\Debug\Mux_SAR_ADC_Test.a(isr_1.o)
                0x00001734                isr_1_Enable
 .text.isr_1_Disable
                0x0000174c       0x18 .\CortexM3\ARM_GCC_473\Debug\Mux_SAR_ADC_Test.a(isr_1.o)
                0x0000174c                isr_1_Disable
 .text.LCD_Init
                0x00001764       0x90 .\CortexM3\ARM_GCC_473\Debug\Mux_SAR_ADC_Test.a(LCD.o)
                0x00001764                LCD_Init
 .text.LCD_Enable
                0x000017f4       0x1c .\CortexM3\ARM_GCC_473\Debug\Mux_SAR_ADC_Test.a(LCD.o)
                0x000017f4                LCD_Enable
 .text.LCD_Start
                0x00001810       0x2c .\CortexM3\ARM_GCC_473\Debug\Mux_SAR_ADC_Test.a(LCD.o)
                0x00001810                LCD_Start
 .text.LCD_Position
                0x0000183c       0x78 .\CortexM3\ARM_GCC_473\Debug\Mux_SAR_ADC_Test.a(LCD.o)
                0x0000183c                LCD_Position
 .text.LCD_PrintString
                0x000018b4       0x40 .\CortexM3\ARM_GCC_473\Debug\Mux_SAR_ADC_Test.a(LCD.o)
                0x000018b4                LCD_PrintString
 .text.LCD_WriteData
                0x000018f4       0x38 .\CortexM3\ARM_GCC_473\Debug\Mux_SAR_ADC_Test.a(LCD.o)
                0x000018f4                LCD_WriteData
 .text.LCD_WriteControl
                0x0000192c       0x38 .\CortexM3\ARM_GCC_473\Debug\Mux_SAR_ADC_Test.a(LCD.o)
                0x0000192c                LCD_WriteControl
 .text.LCD_IsReady
                0x00001964      0x208 .\CortexM3\ARM_GCC_473\Debug\Mux_SAR_ADC_Test.a(LCD.o)
                0x00001964                LCD_IsReady
 .text.LCD_WrDatNib
                0x00001b6c       0xb4 .\CortexM3\ARM_GCC_473\Debug\Mux_SAR_ADC_Test.a(LCD.o)
 .text.LCD_WrCntrlNib
                0x00001c20       0x90 .\CortexM3\ARM_GCC_473\Debug\Mux_SAR_ADC_Test.a(LCD.o)
 .text.LCD_PrintU32Number
                0x00001cb0       0xcc .\CortexM3\ARM_GCC_473\Debug\Mux_SAR_ADC_Test.a(LCD.o)
                0x00001cb0                LCD_PrintU32Number
 .text.__libc_init_array
                0x00001d7c       0x4c c:/program files (x86)/cypress/psoc creator/3.0/psoc creator/import/gnu_cs/arm/4.7.3/bin/../lib/gcc/arm-none-eabi/4.7.3/../../../../arm-none-eabi/lib/armv7-m\libc_s.a(lib_a-init.o)
                0x00001d7c                __libc_init_array
 .text.memcpy   0x00001dc8       0x12 c:/program files (x86)/cypress/psoc creator/3.0/psoc creator/import/gnu_cs/arm/4.7.3/bin/../lib/gcc/arm-none-eabi/4.7.3/../../../../arm-none-eabi/lib/armv7-m\libc_s.a(lib_a-memcpy.o)
                0x00001dc8                memcpy
 .text.memset   0x00001dda       0x10 c:/program files (x86)/cypress/psoc creator/3.0/psoc creator/import/gnu_cs/arm/4.7.3/bin/../lib/gcc/arm-none-eabi/4.7.3/../../../../arm-none-eabi/lib/armv7-m\libc_s.a(lib_a-memset.o)
                0x00001dda                memset
 *(.plt)
 *(.gnu.warning)
 *(.glue_7t)
 .glue_7t       0x00000000        0x0 linker stubs
 *(.glue_7)
 .glue_7        0x00000000        0x0 linker stubs
 *(.vfp11_veneer)
 .vfp11_veneer  0x00000000        0x0 linker stubs
 *(.bootloader)
 *(.ARM.extab* .gnu.linkonce.armextab.*)
 *(.gcc_except_table)

.v4_bx          0x00001dec        0x0
 .v4_bx         0x00000000        0x0 linker stubs

.iplt           0x00001dec        0x0
 .iplt          0x00000000        0x0 c:/program files (x86)/cypress/psoc creator/3.0/psoc creator/import/gnu_cs/arm/4.7.3/bin/../lib/gcc/arm-none-eabi/4.7.3/armv7-m/crtbegin.o

.eh_frame_hdr
 *(.eh_frame_hdr)

.eh_frame       0x00001dec        0x4
 *(.eh_frame)
 .eh_frame      0x00001dec        0x0 c:/program files (x86)/cypress/psoc creator/3.0/psoc creator/import/gnu_cs/arm/4.7.3/bin/../lib/gcc/arm-none-eabi/4.7.3/armv7-m/crtbegin.o
 .eh_frame      0x00001dec        0x4 c:/program files (x86)/cypress/psoc creator/3.0/psoc creator/import/gnu_cs/arm/4.7.3/bin/../lib/gcc/arm-none-eabi/4.7.3/armv7-m/crtend.o
                0x00001df0                PROVIDE (__exidx_start, .)

.ARM.exidx
 *(.ARM.exidx* .gnu.linkonce.armexidx.*)
                0x00001df0                __exidx_end = .

.rodata         0x00001df0       0x80
 *(.rodata .rodata.* .gnu.linkonce.r.*)
 .rodata        0x00001df0       0x10 .\CortexM3\ARM_GCC_473\Debug\main.o
 .rodata        0x00001e00       0x38 .\CortexM3\ARM_GCC_473\Debug\Mux_SAR_ADC_Test.a(cyfitter_cfg.o)
                0x00001e38                . = ALIGN (0x4)
 *(.init)
 .init          0x00001e38        0x4 c:/program files (x86)/cypress/psoc creator/3.0/psoc creator/import/gnu_cs/arm/4.7.3/bin/../lib/gcc/arm-none-eabi/4.7.3/armv7-m/crti.o
                0x00001e38                _init
 .init          0x00001e3c        0x8 c:/program files (x86)/cypress/psoc creator/3.0/psoc creator/import/gnu_cs/arm/4.7.3/bin/../lib/gcc/arm-none-eabi/4.7.3/armv7-m/crtn.o
                0x00001e44                . = ALIGN (0x4)
                0x00001e44                __preinit_array_start = .
 *(.preinit_array)
                0x00001e44                __preinit_array_end = .
                0x00001e44                . = ALIGN (0x4)
                0x00001e44                __init_array_start = .
 *(SORT(.init_array.*))
 *(.init_array)
 .init_array    0x00001e44        0x4 c:/program files (x86)/cypress/psoc creator/3.0/psoc creator/import/gnu_cs/arm/4.7.3/bin/../lib/gcc/arm-none-eabi/4.7.3/armv7-m/crtbegin.o
 .init_array    0x00001e48        0x4 .\CortexM3\ARM_GCC_473\Debug\Cm3Start.o
                0x00001e4c                __init_array_end = .
                0x00001e4c                . = ALIGN (0x4)
 *(.fini)
 .fini          0x00001e4c        0x4 c:/program files (x86)/cypress/psoc creator/3.0/psoc creator/import/gnu_cs/arm/4.7.3/bin/../lib/gcc/arm-none-eabi/4.7.3/armv7-m/crti.o
                0x00001e4c                _fini
 .fini          0x00001e50        0x8 c:/program files (x86)/cypress/psoc creator/3.0/psoc creator/import/gnu_cs/arm/4.7.3/bin/../lib/gcc/arm-none-eabi/4.7.3/armv7-m/crtn.o
                0x00001e58                . = ALIGN (0x4)
                0x00001e58                __fini_array_start = .
 *(.fini_array)
 .fini_array    0x00001e58        0x4 c:/program files (x86)/cypress/psoc creator/3.0/psoc creator/import/gnu_cs/arm/4.7.3/bin/../lib/gcc/arm-none-eabi/4.7.3/armv7-m/crtbegin.o
 *(SORT(.fini_array.*))
                0x00001e5c                __fini_array_end = .
                0x00001e5c                . = ALIGN (0x4)
 *crtbegin.o(.ctors)
 *(EXCLUDE_FILE(*crtend.o) .ctors)
 *(SORT(.ctors.*))
 *crtend.o(.ctors)
                0x00001e5c                . = ALIGN (0x4)
 *crtbegin.o(.dtors)
 *(EXCLUDE_FILE(*crtend.o) .dtors)
 *(SORT(.dtors.*))
 *crtend.o(.dtors)
                0x00001e5c                . = ALIGN (0x4)
                0x00001e5c                __cy_regions = .
                0x00001e5c        0x4 LONG 0x1e70 __cy_region_init_ram
                0x00001e60        0x4 LONG 0x1fff8108 __cy_region_start_data
                0x00001e64        0x4 LONG 0x20 __cy_region_init_size_ram
                0x00001e68        0x4 LONG 0x78 __cy_region_zero_size_ram
                0x00001e6c                __cy_regions_end = .
                0x00001e70                . = ALIGN (0x8)
 *fill*         0x00001e6c        0x4 00
                0x00001e70                _etext = .

.ramvectors     0x1fff8000      0x100
                0x1fff8000                __cy_region_start_ram = .
 *(.ramvectors)
 .ramvectors    0x1fff8000      0x100 .\CortexM3\ARM_GCC_473\Debug\Cm3Start.o
                0x1fff8000                CyRamVectors

.noinit         0x1fff8100        0x5
 *(.noinit)
 .noinit        0x1fff8100        0x4 .\CortexM3\ARM_GCC_473\Debug\Cm3Start.o
 .noinit        0x1fff8104        0x1 .\CortexM3\ARM_GCC_473\Debug\Mux_SAR_ADC_Test.a(CyLib.o)
                0x1fff8104                CyResetStatus

.data           0x1fff8108       0x20 load address 0x00001e70
                0x1fff8108                __cy_region_start_data = .
 *(.jcr)
 .jcr           0x1fff8108        0x0 c:/program files (x86)/cypress/psoc creator/3.0/psoc creator/import/gnu_cs/arm/4.7.3/bin/../lib/gcc/arm-none-eabi/4.7.3/armv7-m/crtbegin.o
 .jcr           0x1fff8108        0x4 c:/program files (x86)/cypress/psoc creator/3.0/psoc creator/import/gnu_cs/arm/4.7.3/bin/../lib/gcc/arm-none-eabi/4.7.3/armv7-m/crtend.o
 *(.got.plt)
 *(.got)
 *(.shdata)
 *(.data .data.* .gnu.linkonce.d.*)
 .data          0x1fff810c        0x1 .\CortexM3\ARM_GCC_473\Debug\Mux_SAR_ADC_Test.a(DMA_1_dma.o)
                0x1fff810c                DMA_1_DmaHandle
 .data          0x1fff810d        0x1 .\CortexM3\ARM_GCC_473\Debug\Mux_SAR_ADC_Test.a(ADC_SAR_Seq_1_TempBuf_dma.o)
                0x1fff810d                ADC_SAR_Seq_1_TempBuf_DmaHandle
 .data          0x1fff810e        0x1 .\CortexM3\ARM_GCC_473\Debug\Mux_SAR_ADC_Test.a(ADC_SAR_Seq_1_FinalBuf_dma.o)
                0x1fff810e                ADC_SAR_Seq_1_FinalBuf_DmaHandle
 *fill*         0x1fff810f        0x1 00
 .data          0x1fff8110        0x8 .\CortexM3\ARM_GCC_473\Debug\Mux_SAR_ADC_Test.a(CyDmac.o)
 .data          0x1fff8118       0x10 .\CortexM3\ARM_GCC_473\Debug\Mux_SAR_ADC_Test.a(CyLib.o)
                0x1fff8118                cydelay_freq_hz
                0x1fff811c                cydelay_freq_khz
                0x1fff8120                cydelay_freq_mhz
                0x1fff8124                cydelay_32k_ms
                0x1fff8128                . = ALIGN (0x8)
 *(.ram)
                0x1fff8128                _edata = .

.igot.plt       0x1fff8128        0x0 load address 0x00001e90
 .igot.plt      0x00000000        0x0 c:/program files (x86)/cypress/psoc creator/3.0/psoc creator/import/gnu_cs/arm/4.7.3/bin/../lib/gcc/arm-none-eabi/4.7.3/armv7-m/crtbegin.o

.bss            0x1fff8128       0x78 load address 0x00001e90
                0x1fff8128                PROVIDE (__bss_start__, .)
 *(.shbss)
 *(.bss .bss.* .gnu.linkonce.b.*)
 .bss           0x1fff8128       0x1c c:/program files (x86)/cypress/psoc creator/3.0/psoc creator/import/gnu_cs/arm/4.7.3/bin/../lib/gcc/arm-none-eabi/4.7.3/armv7-m/crtbegin.o
 .bss           0x1fff8144       0x24 .\CortexM3\ARM_GCC_473\Debug\main.o
                0x1fff8144                DMAADCResultArray
                0x1fff8150                MEMCPYResultArray
                0x1fff815c                APIFUNResultArray
 .bss           0x1fff8168       0x14 .\CortexM3\ARM_GCC_473\Debug\Mux_SAR_ADC_Test.a(ADC_SAR_Seq_1.o)
                0x1fff8174                ADC_SAR_Seq_1_initVar
 .bss           0x1fff817c        0x1 .\CortexM3\ARM_GCC_473\Debug\Mux_SAR_ADC_Test.a(ADC_SAR_Seq_1_SAR.o)
                0x1fff817c                ADC_SAR_Seq_1_SAR_initVar
 .bss           0x1fff817d        0x2 .\CortexM3\ARM_GCC_473\Debug\Mux_SAR_ADC_Test.a(LCD.o)
                0x1fff817d                LCD_enableState
                0x1fff817e                LCD_initVar
 *(COMMON)
 *fill*         0x1fff817f        0x1 00
 COMMON         0x1fff8180        0x3 .\CortexM3\ARM_GCC_473\Debug\main.o
                0x1fff8180                DMA_1_TD
                0x1fff8181                DMADone
                0x1fff8182                DMA_1_Chan
 *fill*         0x1fff8183        0x1 00
 COMMON         0x1fff8184        0xc .\CortexM3\ARM_GCC_473\Debug\Mux_SAR_ADC_Test.a(ADC_SAR_Seq_1.o)
                0x1fff8184                ADC_SAR_Seq_1_finalArray
 COMMON         0x1fff8190        0xa .\CortexM3\ARM_GCC_473\Debug\Mux_SAR_ADC_Test.a(ADC_SAR_Seq_1_SAR.o)
                0x1fff8190                ADC_SAR_Seq_1_SAR_countsPerVolt
                0x1fff8192                ADC_SAR_Seq_1_SAR_offset
                0x1fff8194                ADC_SAR_Seq_1_SAR_countsPer10Volt
                0x1fff8198                ADC_SAR_Seq_1_SAR_shift
                0x1fff81a0                . = ALIGN (0x8)
 *fill*         0x1fff819a        0x6 00
 *(.ram.b)
                0x1fff81a0                _end = .
                0x1fff81a0                __end = .
                0x1fff81a0                PROVIDE (end, .)
                0x1fff81a0                PROVIDE (__bss_end__, .)
                0x00001e70                __cy_region_init_ram = LOADADDR (.data)
                0x00000020                __cy_region_init_size_ram = (_edata - ADDR (.data))
                0x00000078                __cy_region_zero_size_ram = (_end - _edata)

.heap           0x1fff81a0     0x1000 load address 0x00001e90
                0x1fff81a0                . = _end
                0x1fff91a0                . = (. + 0x1000)
 *fill*         0x1fff81a0     0x1000 00
                0x1fff91a0                __cy_heap_limit = .

.stack          0x20004000     0x4000
                0x20004000                __cy_stack_limit = .
                0x20008000                . = (. + 0x4000)
 *fill*         0x20004000     0x4000 00
                0x00000001                ASSERT ((__cy_stack_limit >= __cy_heap_limit), region RAM overflowed with stack)

.cyloadermeta
 *(.cyloadermeta)

.cyloadablemeta
 *(.cyloadablemeta)

.cyconfigecc    0x80000000      0x488
 *(.cyconfigecc)
 .cyconfigecc   0x80000000      0x488 .\CortexM3\ARM_GCC_473\Debug\cymetadata.o
                0x80000000                cy_meta_configecc

.cycustnvl      0x90000000        0x4
 *(.cycustnvl)
 .cycustnvl     0x90000000        0x4 .\CortexM3\ARM_GCC_473\Debug\cymetadata.o
                0x90000000                cy_meta_custnvl

.cywolatch      0x90100000        0x4
 *(.cywolatch)
 .cywolatch     0x90100000        0x4 .\CortexM3\ARM_GCC_473\Debug\cymetadata.o
                0x90100000                cy_meta_wonvl

.cyeeprom       0x90200000        0x0
 *(.cyeeprom)
                0x00000001                ASSERT ((. <= ((0x90200000 + ee_offset) + ee_size)), .cyeeprom data will not fit in EEPROM)

.cyflashprotect
                0x90400000      0x100
 *(.cyflashprotect)
 .cyflashprotect
                0x90400000      0x100 .\CortexM3\ARM_GCC_473\Debug\cymetadata.o
                0x90400000                cy_meta_flashprotect

.cymeta         0x90500000        0xc
 *(.cymeta)
 .cymeta        0x90500000        0xc .\CortexM3\ARM_GCC_473\Debug\cymetadata.o
                0x90500000                cy_metadata

.rel.dyn        0x00001e90        0x0 load address 0x9050000c
 .rel.iplt      0x00000000        0x0 c:/program files (x86)/cypress/psoc creator/3.0/psoc creator/import/gnu_cs/arm/4.7.3/bin/../lib/gcc/arm-none-eabi/4.7.3/armv7-m/crtbegin.o

.stab
 *(.stab)

.stabstr
 *(.stabstr)

.debug
 *(.debug)

.line
 *(.line)

.debug_srcinfo
 *(.debug_srcinfo)

.debug_sfnames
 *(.debug_sfnames)

.debug_aranges  0x00000000      0x8f0
 *(.debug_aranges)
 .debug_aranges
                0x00000000       0x20 .\CortexM3\ARM_GCC_473\Debug\main.o
 .debug_aranges
                0x00000020       0x18 .\CortexM3\ARM_GCC_473\Debug\cymetadata.o
 .debug_aranges
                0x00000038       0x40 .\CortexM3\ARM_GCC_473\Debug\Cm3Start.o
 .debug_aranges
                0x00000078       0x60 .\CortexM3\ARM_GCC_473\Debug\Mux_SAR_ADC_Test.a(cyfitter_cfg.o)
 .debug_aranges
                0x000000d8       0xc0 .\CortexM3\ARM_GCC_473\Debug\Mux_SAR_ADC_Test.a(ADC_SAR_Seq_1.o)
 .debug_aranges
                0x00000198       0x20 .\CortexM3\ARM_GCC_473\Debug\Mux_SAR_ADC_Test.a(ADC_SAR_Seq_1_INT.o)
 .debug_aranges
                0x000001b8       0x28 .\CortexM3\ARM_GCC_473\Debug\Mux_SAR_ADC_Test.a(DMA_1_dma.o)
 .debug_aranges
                0x000001e0       0xa8 .\CortexM3\ARM_GCC_473\Debug\Mux_SAR_ADC_Test.a(ADC_SAR_Seq_1_SAR.o)
 .debug_aranges
                0x00000288       0x28 .\CortexM3\ARM_GCC_473\Debug\Mux_SAR_ADC_Test.a(ADC_SAR_Seq_1_TempBuf_dma.o)
 .debug_aranges
                0x000002b0       0x28 .\CortexM3\ARM_GCC_473\Debug\Mux_SAR_ADC_Test.a(ADC_SAR_Seq_1_FinalBuf_dma.o)
 .debug_aranges
                0x000002d8       0x80 .\CortexM3\ARM_GCC_473\Debug\Mux_SAR_ADC_Test.a(ADC_SAR_Seq_1_IRQ.o)
 .debug_aranges
                0x00000358       0x20 .\CortexM3\ARM_GCC_473\Debug\Mux_SAR_ADC_Test.a(CyBootAsmGnu.o)
 .debug_aranges
                0x00000378       0xd8 .\CortexM3\ARM_GCC_473\Debug\Mux_SAR_ADC_Test.a(CyDmac.o)
 .debug_aranges
                0x00000450      0x218 .\CortexM3\ARM_GCC_473\Debug\Mux_SAR_ADC_Test.a(CyLib.o)
 .debug_aranges
                0x00000668       0x90 .\CortexM3\ARM_GCC_473\Debug\Mux_SAR_ADC_Test.a(cyPm.o)
 .debug_aranges
                0x000006f8       0x80 .\CortexM3\ARM_GCC_473\Debug\Mux_SAR_ADC_Test.a(isr_1.o)
 .debug_aranges
                0x00000778       0x98 .\CortexM3\ARM_GCC_473\Debug\Mux_SAR_ADC_Test.a(LCD.o)
 .debug_aranges
                0x00000810       0x78 .\CortexM3\ARM_GCC_473\Debug\Mux_SAR_ADC_Test.a(CyFlash.o)
 .debug_aranges
                0x00000888       0x68 .\CortexM3\ARM_GCC_473\Debug\Mux_SAR_ADC_Test.a(CySpc.o)

.debug_pubnames
 *(.debug_pubnames)

.debug_info     0x00000000     0x441a
 *(.debug_info .gnu.linkonce.wi.*)
 .debug_info    0x00000000      0x1ae .\CortexM3\ARM_GCC_473\Debug\main.o
 .debug_info    0x000001ae      0x13f .\CortexM3\ARM_GCC_473\Debug\cymetadata.o
 .debug_info    0x000002ed      0x2ea .\CortexM3\ARM_GCC_473\Debug\Cm3Start.o
 .debug_info    0x000005d7      0x3ec .\CortexM3\ARM_GCC_473\Debug\Mux_SAR_ADC_Test.a(cyfitter_cfg.o)
 .debug_info    0x000009c3      0x4d9 .\CortexM3\ARM_GCC_473\Debug\Mux_SAR_ADC_Test.a(ADC_SAR_Seq_1.o)
 .debug_info    0x00000e9c       0xa2 .\CortexM3\ARM_GCC_473\Debug\Mux_SAR_ADC_Test.a(ADC_SAR_Seq_1_INT.o)
 .debug_info    0x00000f3e      0x121 .\CortexM3\ARM_GCC_473\Debug\Mux_SAR_ADC_Test.a(DMA_1_dma.o)
 .debug_info    0x0000105f      0x4b4 .\CortexM3\ARM_GCC_473\Debug\Mux_SAR_ADC_Test.a(ADC_SAR_Seq_1_SAR.o)
 .debug_info    0x00001513      0x121 .\CortexM3\ARM_GCC_473\Debug\Mux_SAR_ADC_Test.a(ADC_SAR_Seq_1_TempBuf_dma.o)
 .debug_info    0x00001634      0x121 .\CortexM3\ARM_GCC_473\Debug\Mux_SAR_ADC_Test.a(ADC_SAR_Seq_1_FinalBuf_dma.o)
 .debug_info    0x00001755      0x278 .\CortexM3\ARM_GCC_473\Debug\Mux_SAR_ADC_Test.a(ADC_SAR_Seq_1_IRQ.o)
 .debug_info    0x000019cd       0xbf .\CortexM3\ARM_GCC_473\Debug\Mux_SAR_ADC_Test.a(CyBootAsmGnu.o)
 .debug_info    0x00001a8c      0x93a .\CortexM3\ARM_GCC_473\Debug\Mux_SAR_ADC_Test.a(CyDmac.o)
 .debug_info    0x000023c6      0xcd7 .\CortexM3\ARM_GCC_473\Debug\Mux_SAR_ADC_Test.a(CyLib.o)
 .debug_info    0x0000309d      0x5c3 .\CortexM3\ARM_GCC_473\Debug\Mux_SAR_ADC_Test.a(cyPm.o)
 .debug_info    0x00003660      0x285 .\CortexM3\ARM_GCC_473\Debug\Mux_SAR_ADC_Test.a(isr_1.o)
 .debug_info    0x000038e5      0x408 .\CortexM3\ARM_GCC_473\Debug\Mux_SAR_ADC_Test.a(LCD.o)
 .debug_info    0x00003ced      0x354 .\CortexM3\ARM_GCC_473\Debug\Mux_SAR_ADC_Test.a(CyFlash.o)
 .debug_info    0x00004041      0x3d9 .\CortexM3\ARM_GCC_473\Debug\Mux_SAR_ADC_Test.a(CySpc.o)

.debug_abbrev   0x00000000     0x146d
 *(.debug_abbrev)
 .debug_abbrev  0x00000000       0xae .\CortexM3\ARM_GCC_473\Debug\main.o
 .debug_abbrev  0x000000ae       0x66 .\CortexM3\ARM_GCC_473\Debug\cymetadata.o
 .debug_abbrev  0x00000114      0x175 .\CortexM3\ARM_GCC_473\Debug\Cm3Start.o
 .debug_abbrev  0x00000289      0x19f .\CortexM3\ARM_GCC_473\Debug\Mux_SAR_ADC_Test.a(cyfitter_cfg.o)
 .debug_abbrev  0x00000428      0x173 .\CortexM3\ARM_GCC_473\Debug\Mux_SAR_ADC_Test.a(ADC_SAR_Seq_1.o)
 .debug_abbrev  0x0000059b       0x44 .\CortexM3\ARM_GCC_473\Debug\Mux_SAR_ADC_Test.a(ADC_SAR_Seq_1_INT.o)
 .debug_abbrev  0x000005df       0x8d .\CortexM3\ARM_GCC_473\Debug\Mux_SAR_ADC_Test.a(DMA_1_dma.o)
 .debug_abbrev  0x0000066c      0x175 .\CortexM3\ARM_GCC_473\Debug\Mux_SAR_ADC_Test.a(ADC_SAR_Seq_1_SAR.o)
 .debug_abbrev  0x000007e1       0x8d .\CortexM3\ARM_GCC_473\Debug\Mux_SAR_ADC_Test.a(ADC_SAR_Seq_1_TempBuf_dma.o)
 .debug_abbrev  0x0000086e       0x8d .\CortexM3\ARM_GCC_473\Debug\Mux_SAR_ADC_Test.a(ADC_SAR_Seq_1_FinalBuf_dma.o)
 .debug_abbrev  0x000008fb      0x12d .\CortexM3\ARM_GCC_473\Debug\Mux_SAR_ADC_Test.a(ADC_SAR_Seq_1_IRQ.o)
 .debug_abbrev  0x00000a28       0x14 .\CortexM3\ARM_GCC_473\Debug\Mux_SAR_ADC_Test.a(CyBootAsmGnu.o)
 .debug_abbrev  0x00000a3c      0x189 .\CortexM3\ARM_GCC_473\Debug\Mux_SAR_ADC_Test.a(CyDmac.o)
 .debug_abbrev  0x00000bc5      0x207 .\CortexM3\ARM_GCC_473\Debug\Mux_SAR_ADC_Test.a(CyLib.o)
 .debug_abbrev  0x00000dcc      0x170 .\CortexM3\ARM_GCC_473\Debug\Mux_SAR_ADC_Test.a(cyPm.o)
 .debug_abbrev  0x00000f3c      0x13e .\CortexM3\ARM_GCC_473\Debug\Mux_SAR_ADC_Test.a(isr_1.o)
 .debug_abbrev  0x0000107a      0x122 .\CortexM3\ARM_GCC_473\Debug\Mux_SAR_ADC_Test.a(LCD.o)
 .debug_abbrev  0x0000119c      0x172 .\CortexM3\ARM_GCC_473\Debug\Mux_SAR_ADC_Test.a(CyFlash.o)
 .debug_abbrev  0x0000130e      0x15f .\CortexM3\ARM_GCC_473\Debug\Mux_SAR_ADC_Test.a(CySpc.o)

.debug_line     0x00000000     0x21ac
 *(.debug_line)
 .debug_line    0x00000000      0x171 .\CortexM3\ARM_GCC_473\Debug\main.o
 .debug_line    0x00000171       0x53 .\CortexM3\ARM_GCC_473\Debug\cymetadata.o
 .debug_line    0x000001c4      0x1af .\CortexM3\ARM_GCC_473\Debug\Cm3Start.o
 .debug_line    0x00000373      0x223 .\CortexM3\ARM_GCC_473\Debug\Mux_SAR_ADC_Test.a(cyfitter_cfg.o)
 .debug_line    0x00000596      0x24c .\CortexM3\ARM_GCC_473\Debug\Mux_SAR_ADC_Test.a(ADC_SAR_Seq_1.o)
 .debug_line    0x000007e2       0x5f .\CortexM3\ARM_GCC_473\Debug\Mux_SAR_ADC_Test.a(ADC_SAR_Seq_1_INT.o)
 .debug_line    0x00000841       0x7b .\CortexM3\ARM_GCC_473\Debug\Mux_SAR_ADC_Test.a(DMA_1_dma.o)
 .debug_line    0x000008bc      0x209 .\CortexM3\ARM_GCC_473\Debug\Mux_SAR_ADC_Test.a(ADC_SAR_Seq_1_SAR.o)
 .debug_line    0x00000ac5       0x8b .\CortexM3\ARM_GCC_473\Debug\Mux_SAR_ADC_Test.a(ADC_SAR_Seq_1_TempBuf_dma.o)
 .debug_line    0x00000b50       0x8c .\CortexM3\ARM_GCC_473\Debug\Mux_SAR_ADC_Test.a(ADC_SAR_Seq_1_FinalBuf_dma.o)
 .debug_line    0x00000bdc      0x14c .\CortexM3\ARM_GCC_473\Debug\Mux_SAR_ADC_Test.a(ADC_SAR_Seq_1_IRQ.o)
 .debug_line    0x00000d28       0x68 .\CortexM3\ARM_GCC_473\Debug\Mux_SAR_ADC_Test.a(CyBootAsmGnu.o)
 .debug_line    0x00000d90      0x2bc .\CortexM3\ARM_GCC_473\Debug\Mux_SAR_ADC_Test.a(CyDmac.o)
 .debug_line    0x0000104c      0x73b .\CortexM3\ARM_GCC_473\Debug\Mux_SAR_ADC_Test.a(CyLib.o)
 .debug_line    0x00001787      0x370 .\CortexM3\ARM_GCC_473\Debug\Mux_SAR_ADC_Test.a(cyPm.o)
 .debug_line    0x00001af7      0x151 .\CortexM3\ARM_GCC_473\Debug\Mux_SAR_ADC_Test.a(isr_1.o)
 .debug_line    0x00001c48      0x214 .\CortexM3\ARM_GCC_473\Debug\Mux_SAR_ADC_Test.a(LCD.o)
 .debug_line    0x00001e5c      0x1a9 .\CortexM3\ARM_GCC_473\Debug\Mux_SAR_ADC_Test.a(CyFlash.o)
 .debug_line    0x00002005      0x1a7 .\CortexM3\ARM_GCC_473\Debug\Mux_SAR_ADC_Test.a(CySpc.o)

.debug_frame    0x00000000     0x1d18
 *(.debug_frame)
 .debug_frame   0x00000000       0x34 .\CortexM3\ARM_GCC_473\Debug\main.o
 .debug_frame   0x00000034       0xa4 .\CortexM3\ARM_GCC_473\Debug\Cm3Start.o
 .debug_frame   0x000000d8      0x120 .\CortexM3\ARM_GCC_473\Debug\Mux_SAR_ADC_Test.a(cyfitter_cfg.o)
 .debug_frame   0x000001f8      0x280 .\CortexM3\ARM_GCC_473\Debug\Mux_SAR_ADC_Test.a(ADC_SAR_Seq_1.o)
 .debug_frame   0x00000478       0x2c .\CortexM3\ARM_GCC_473\Debug\Mux_SAR_ADC_Test.a(ADC_SAR_Seq_1_INT.o)
 .debug_frame   0x000004a4       0x4c .\CortexM3\ARM_GCC_473\Debug\Mux_SAR_ADC_Test.a(DMA_1_dma.o)
 .debug_frame   0x000004f0      0x22c .\CortexM3\ARM_GCC_473\Debug\Mux_SAR_ADC_Test.a(ADC_SAR_Seq_1_SAR.o)
 .debug_frame   0x0000071c       0x4c .\CortexM3\ARM_GCC_473\Debug\Mux_SAR_ADC_Test.a(ADC_SAR_Seq_1_TempBuf_dma.o)
 .debug_frame   0x00000768       0x4c .\CortexM3\ARM_GCC_473\Debug\Mux_SAR_ADC_Test.a(ADC_SAR_Seq_1_FinalBuf_dma.o)
 .debug_frame   0x000007b4      0x180 .\CortexM3\ARM_GCC_473\Debug\Mux_SAR_ADC_Test.a(ADC_SAR_Seq_1_IRQ.o)
 .debug_frame   0x00000934      0x2c0 .\CortexM3\ARM_GCC_473\Debug\Mux_SAR_ADC_Test.a(CyDmac.o)
 .debug_frame   0x00000bf4      0x778 .\CortexM3\ARM_GCC_473\Debug\Mux_SAR_ADC_Test.a(CyLib.o)
 .debug_frame   0x0000136c      0x1d0 .\CortexM3\ARM_GCC_473\Debug\Mux_SAR_ADC_Test.a(cyPm.o)
 .debug_frame   0x0000153c      0x180 .\CortexM3\ARM_GCC_473\Debug\Mux_SAR_ADC_Test.a(isr_1.o)
 .debug_frame   0x000016bc      0x200 .\CortexM3\ARM_GCC_473\Debug\Mux_SAR_ADC_Test.a(LCD.o)
 .debug_frame   0x000018bc      0x178 .\CortexM3\ARM_GCC_473\Debug\Mux_SAR_ADC_Test.a(CyFlash.o)
 .debug_frame   0x00001a34      0x13c .\CortexM3\ARM_GCC_473\Debug\Mux_SAR_ADC_Test.a(CySpc.o)
 .debug_frame   0x00001b70       0x50 c:/program files (x86)/cypress/psoc creator/3.0/psoc creator/import/gnu_cs/arm/4.7.3/bin/../lib/gcc/arm-none-eabi/4.7.3/armv7-m\libgcc.a(bpabi.o)
 .debug_frame   0x00001bc0       0x34 c:/program files (x86)/cypress/psoc creator/3.0/psoc creator/import/gnu_cs/arm/4.7.3/bin/../lib/gcc/arm-none-eabi/4.7.3/armv7-m\libgcc.a(_divdi3.o)
 .debug_frame   0x00001bf4       0x34 c:/program files (x86)/cypress/psoc creator/3.0/psoc creator/import/gnu_cs/arm/4.7.3/bin/../lib/gcc/arm-none-eabi/4.7.3/armv7-m\libgcc.a(_udivdi3.o)
 .debug_frame   0x00001c28       0x28 c:/program files (x86)/cypress/psoc creator/3.0/psoc creator/import/gnu_cs/arm/4.7.3/bin/../lib/gcc/arm-none-eabi/4.7.3/../../../../arm-none-eabi/lib/armv7-m\libc_s.a(lib_a-__atexit2.o)
 .debug_frame   0x00001c50       0x28 c:/program files (x86)/cypress/psoc creator/3.0/psoc creator/import/gnu_cs/arm/4.7.3/bin/../lib/gcc/arm-none-eabi/4.7.3/../../../../arm-none-eabi/lib/armv7-m\libc_s.a(lib_a-exit.o)
 .debug_frame   0x00001c78       0x2c c:/program files (x86)/cypress/psoc creator/3.0/psoc creator/import/gnu_cs/arm/4.7.3/bin/../lib/gcc/arm-none-eabi/4.7.3/../../../../arm-none-eabi/lib/armv7-m\libc_s.a(lib_a-fini.o)
 .debug_frame   0x00001ca4       0x2c c:/program files (x86)/cypress/psoc creator/3.0/psoc creator/import/gnu_cs/arm/4.7.3/bin/../lib/gcc/arm-none-eabi/4.7.3/../../../../arm-none-eabi/lib/armv7-m\libc_s.a(lib_a-init.o)
 .debug_frame   0x00001cd0       0x28 c:/program files (x86)/cypress/psoc creator/3.0/psoc creator/import/gnu_cs/arm/4.7.3/bin/../lib/gcc/arm-none-eabi/4.7.3/../../../../arm-none-eabi/lib/armv7-m\libc_s.a(lib_a-memcpy.o)
 .debug_frame   0x00001cf8       0x20 c:/program files (x86)/cypress/psoc creator/3.0/psoc creator/import/gnu_cs/arm/4.7.3/bin/../lib/gcc/arm-none-eabi/4.7.3/../../../../arm-none-eabi/lib/armv7-m\libc_s.a(lib_a-memset.o)

.debug_str      0x00000000     0x1fc0
 *(.debug_str)
 .debug_str     0x00000000      0x1d0 .\CortexM3\ARM_GCC_473\Debug\main.o
                                0x20f (size before relaxing)
 .debug_str     0x000001d0       0x77 .\CortexM3\ARM_GCC_473\Debug\cymetadata.o
                                0x1d4 (size before relaxing)
 .debug_str     0x00000247      0x112 .\CortexM3\ARM_GCC_473\Debug\Cm3Start.o
                                0x290 (size before relaxing)
 .debug_str     0x00000359      0x15a .\CortexM3\ARM_GCC_473\Debug\Mux_SAR_ADC_Test.a(cyfitter_cfg.o)
                                0x2eb (size before relaxing)
 .debug_str     0x000004b3      0x36d .\CortexM3\ARM_GCC_473\Debug\Mux_SAR_ADC_Test.a(ADC_SAR_Seq_1.o)
                                0x51b (size before relaxing)
 .debug_str     0x00000820       0x3f .\CortexM3\ARM_GCC_473\Debug\Mux_SAR_ADC_Test.a(ADC_SAR_Seq_1_INT.o)
                                0x196 (size before relaxing)
 .debug_str     0x0000085f       0x95 .\CortexM3\ARM_GCC_473\Debug\Mux_SAR_ADC_Test.a(DMA_1_dma.o)
                                0x1f9 (size before relaxing)
 .debug_str     0x000008f4      0x2cc .\CortexM3\ARM_GCC_473\Debug\Mux_SAR_ADC_Test.a(ADC_SAR_Seq_1_SAR.o)
                                0x4ce (size before relaxing)
 .debug_str     0x00000bc0       0x9a .\CortexM3\ARM_GCC_473\Debug\Mux_SAR_ADC_Test.a(ADC_SAR_Seq_1_TempBuf_dma.o)
                                0x239 (size before relaxing)
 .debug_str     0x00000c5a       0x9e .\CortexM3\ARM_GCC_473\Debug\Mux_SAR_ADC_Test.a(ADC_SAR_Seq_1_FinalBuf_dma.o)
                                0x23d (size before relaxing)
 .debug_str     0x00000cf8      0x1a8 .\CortexM3\ARM_GCC_473\Debug\Mux_SAR_ADC_Test.a(ADC_SAR_Seq_1_IRQ.o)
                                0x32c (size before relaxing)
 .debug_str     0x00000ea0      0x330 .\CortexM3\ARM_GCC_473\Debug\Mux_SAR_ADC_Test.a(CyDmac.o)
                                0x4fb (size before relaxing)
 .debug_str     0x000011d0      0x605 .\CortexM3\ARM_GCC_473\Debug\Mux_SAR_ADC_Test.a(CyLib.o)
                                0x7f6 (size before relaxing)
 .debug_str     0x000017d5      0x371 .\CortexM3\ARM_GCC_473\Debug\Mux_SAR_ADC_Test.a(cyPm.o)
                                0x505 (size before relaxing)
 .debug_str     0x00001b46       0xe8 .\CortexM3\ARM_GCC_473\Debug\Mux_SAR_ADC_Test.a(isr_1.o)
                                0x28c (size before relaxing)
 .debug_str     0x00001c2e      0x164 .\CortexM3\ARM_GCC_473\Debug\Mux_SAR_ADC_Test.a(LCD.o)
                                0x2ef (size before relaxing)
 .debug_str     0x00001d92      0x130 .\CortexM3\ARM_GCC_473\Debug\Mux_SAR_ADC_Test.a(CyFlash.o)
                                0x2cb (size before relaxing)
 .debug_str     0x00001ec2       0xfe .\CortexM3\ARM_GCC_473\Debug\Mux_SAR_ADC_Test.a(CySpc.o)
                                0x2a7 (size before relaxing)

.debug_loc      0x00000000     0x2e08
 *(.debug_loc)
 .debug_loc     0x00000000       0x38 .\CortexM3\ARM_GCC_473\Debug\main.o
 .debug_loc     0x00000038      0x100 .\CortexM3\ARM_GCC_473\Debug\Cm3Start.o
 .debug_loc     0x00000138      0x1f8 .\CortexM3\ARM_GCC_473\Debug\Mux_SAR_ADC_Test.a(cyfitter_cfg.o)
 .debug_loc     0x00000330      0x420 .\CortexM3\ARM_GCC_473\Debug\Mux_SAR_ADC_Test.a(ADC_SAR_Seq_1.o)
 .debug_loc     0x00000750       0x2c .\CortexM3\ARM_GCC_473\Debug\Mux_SAR_ADC_Test.a(ADC_SAR_Seq_1_INT.o)
 .debug_loc     0x0000077c       0x64 .\CortexM3\ARM_GCC_473\Debug\Mux_SAR_ADC_Test.a(DMA_1_dma.o)
 .debug_loc     0x000007e0      0x3b4 .\CortexM3\ARM_GCC_473\Debug\Mux_SAR_ADC_Test.a(ADC_SAR_Seq_1_SAR.o)
 .debug_loc     0x00000b94       0x64 .\CortexM3\ARM_GCC_473\Debug\Mux_SAR_ADC_Test.a(ADC_SAR_Seq_1_TempBuf_dma.o)
 .debug_loc     0x00000bf8       0x64 .\CortexM3\ARM_GCC_473\Debug\Mux_SAR_ADC_Test.a(ADC_SAR_Seq_1_FinalBuf_dma.o)
 .debug_loc     0x00000c5c      0x278 .\CortexM3\ARM_GCC_473\Debug\Mux_SAR_ADC_Test.a(ADC_SAR_Seq_1_IRQ.o)
 .debug_loc     0x00000ed4      0x51c .\CortexM3\ARM_GCC_473\Debug\Mux_SAR_ADC_Test.a(CyDmac.o)
 .debug_loc     0x000013f0      0xce0 .\CortexM3\ARM_GCC_473\Debug\Mux_SAR_ADC_Test.a(CyLib.o)
 .debug_loc     0x000020d0      0x2e8 .\CortexM3\ARM_GCC_473\Debug\Mux_SAR_ADC_Test.a(cyPm.o)
 .debug_loc     0x000023b8      0x278 .\CortexM3\ARM_GCC_473\Debug\Mux_SAR_ADC_Test.a(isr_1.o)
 .debug_loc     0x00002630      0x350 .\CortexM3\ARM_GCC_473\Debug\Mux_SAR_ADC_Test.a(LCD.o)
 .debug_loc     0x00002980      0x258 .\CortexM3\ARM_GCC_473\Debug\Mux_SAR_ADC_Test.a(CyFlash.o)
 .debug_loc     0x00002bd8      0x230 .\CortexM3\ARM_GCC_473\Debug\Mux_SAR_ADC_Test.a(CySpc.o)

.debug_macinfo
 *(.debug_macinfo)

.debug_ranges   0x00000000      0x7a8
 *(.debug_ranges)
 .debug_ranges  0x00000000       0x10 .\CortexM3\ARM_GCC_473\Debug\main.o
 .debug_ranges  0x00000010       0x30 .\CortexM3\ARM_GCC_473\Debug\Cm3Start.o
 .debug_ranges  0x00000040       0x50 .\CortexM3\ARM_GCC_473\Debug\Mux_SAR_ADC_Test.a(cyfitter_cfg.o)
 .debug_ranges  0x00000090       0xb0 .\CortexM3\ARM_GCC_473\Debug\Mux_SAR_ADC_Test.a(ADC_SAR_Seq_1.o)
 .debug_ranges  0x00000140       0x10 .\CortexM3\ARM_GCC_473\Debug\Mux_SAR_ADC_Test.a(ADC_SAR_Seq_1_INT.o)
 .debug_ranges  0x00000150       0x18 .\CortexM3\ARM_GCC_473\Debug\Mux_SAR_ADC_Test.a(DMA_1_dma.o)
 .debug_ranges  0x00000168       0x98 .\CortexM3\ARM_GCC_473\Debug\Mux_SAR_ADC_Test.a(ADC_SAR_Seq_1_SAR.o)
 .debug_ranges  0x00000200       0x18 .\CortexM3\ARM_GCC_473\Debug\Mux_SAR_ADC_Test.a(ADC_SAR_Seq_1_TempBuf_dma.o)
 .debug_ranges  0x00000218       0x18 .\CortexM3\ARM_GCC_473\Debug\Mux_SAR_ADC_Test.a(ADC_SAR_Seq_1_FinalBuf_dma.o)
 .debug_ranges  0x00000230       0x70 .\CortexM3\ARM_GCC_473\Debug\Mux_SAR_ADC_Test.a(ADC_SAR_Seq_1_IRQ.o)
 .debug_ranges  0x000002a0       0xc8 .\CortexM3\ARM_GCC_473\Debug\Mux_SAR_ADC_Test.a(CyDmac.o)
 .debug_ranges  0x00000368      0x208 .\CortexM3\ARM_GCC_473\Debug\Mux_SAR_ADC_Test.a(CyLib.o)
 .debug_ranges  0x00000570       0x80 .\CortexM3\ARM_GCC_473\Debug\Mux_SAR_ADC_Test.a(cyPm.o)
 .debug_ranges  0x000005f0       0x70 .\CortexM3\ARM_GCC_473\Debug\Mux_SAR_ADC_Test.a(isr_1.o)
 .debug_ranges  0x00000660       0x88 .\CortexM3\ARM_GCC_473\Debug\Mux_SAR_ADC_Test.a(LCD.o)
 .debug_ranges  0x000006e8       0x68 .\CortexM3\ARM_GCC_473\Debug\Mux_SAR_ADC_Test.a(CyFlash.o)
 .debug_ranges  0x00000750       0x58 .\CortexM3\ARM_GCC_473\Debug\Mux_SAR_ADC_Test.a(CySpc.o)

.comment        0x00000000       0x70
 .comment       0x00000000       0x70 .\CortexM3\ARM_GCC_473\Debug\main.o
                                 0x71 (size before relaxing)
 .comment       0x00000000       0x71 .\CortexM3\ARM_GCC_473\Debug\cymetadata.o
 .comment       0x00000000       0x71 .\CortexM3\ARM_GCC_473\Debug\Cm3Start.o
 .comment       0x00000000       0x71 .\CortexM3\ARM_GCC_473\Debug\Mux_SAR_ADC_Test.a(cyfitter_cfg.o)
 .comment       0x00000000       0x71 .\CortexM3\ARM_GCC_473\Debug\Mux_SAR_ADC_Test.a(ADC_SAR_Seq_1.o)
 .comment       0x00000000       0x71 .\CortexM3\ARM_GCC_473\Debug\Mux_SAR_ADC_Test.a(ADC_SAR_Seq_1_INT.o)
 .comment       0x00000000       0x71 .\CortexM3\ARM_GCC_473\Debug\Mux_SAR_ADC_Test.a(DMA_1_dma.o)
 .comment       0x00000000       0x71 .\CortexM3\ARM_GCC_473\Debug\Mux_SAR_ADC_Test.a(ADC_SAR_Seq_1_SAR.o)
 .comment       0x00000000       0x71 .\CortexM3\ARM_GCC_473\Debug\Mux_SAR_ADC_Test.a(ADC_SAR_Seq_1_TempBuf_dma.o)
 .comment       0x00000000       0x71 .\CortexM3\ARM_GCC_473\Debug\Mux_SAR_ADC_Test.a(ADC_SAR_Seq_1_FinalBuf_dma.o)
 .comment       0x00000000       0x71 .\CortexM3\ARM_GCC_473\Debug\Mux_SAR_ADC_Test.a(ADC_SAR_Seq_1_IRQ.o)
 .comment       0x00000000       0x71 .\CortexM3\ARM_GCC_473\Debug\Mux_SAR_ADC_Test.a(CyDmac.o)
 .comment       0x00000000       0x71 .\CortexM3\ARM_GCC_473\Debug\Mux_SAR_ADC_Test.a(CyLib.o)
 .comment       0x00000000       0x71 .\CortexM3\ARM_GCC_473\Debug\Mux_SAR_ADC_Test.a(cyPm.o)
 .comment       0x00000000       0x71 .\CortexM3\ARM_GCC_473\Debug\Mux_SAR_ADC_Test.a(isr_1.o)
 .comment       0x00000000       0x71 .\CortexM3\ARM_GCC_473\Debug\Mux_SAR_ADC_Test.a(LCD.o)
 .comment       0x00000000       0x71 .\CortexM3\ARM_GCC_473\Debug\Mux_SAR_ADC_Test.a(CyFlash.o)
 .comment       0x00000000       0x71 .\CortexM3\ARM_GCC_473\Debug\Mux_SAR_ADC_Test.a(CySpc.o)

.debug_weaknames
 *(.debug_weaknames)

.debug_funcnames
 *(.debug_funcnames)

.debug_typenames
 *(.debug_typenames)

.debug_varnames
 *(.debug_varnames)

.note.gnu.arm.ident
 *(.note.gnu.arm.ident)

.ARM.attributes
                0x00000000       0x29
 *(.ARM.attributes)
 .ARM.attributes
                0x00000000       0x1d c:/program files (x86)/cypress/psoc creator/3.0/psoc creator/import/gnu_cs/arm/4.7.3/bin/../lib/gcc/arm-none-eabi/4.7.3/armv7-m/crti.o
 .ARM.attributes
                0x0000001d       0x2d c:/program files (x86)/cypress/psoc creator/3.0/psoc creator/import/gnu_cs/arm/4.7.3/bin/../lib/gcc/arm-none-eabi/4.7.3/armv7-m/crtbegin.o
 .ARM.attributes
                0x0000004a       0x1b c:/program files (x86)/cypress/psoc creator/3.0/psoc creator/import/gnu_cs/arm/4.7.3/bin/../lib/gcc/arm-none-eabi/4.7.3/../../../../arm-none-eabi/lib/armv7-m/crt0.o
 .ARM.attributes
                0x00000065       0x33 .\CortexM3\ARM_GCC_473\Debug\main.o
 .ARM.attributes
                0x00000098       0x33 .\CortexM3\ARM_GCC_473\Debug\cymetadata.o
 .ARM.attributes
                0x000000cb       0x33 .\CortexM3\ARM_GCC_473\Debug\Cm3Start.o
 .ARM.attributes
                0x000000fe       0x33 .\CortexM3\ARM_GCC_473\Debug\Mux_SAR_ADC_Test.a(cyfitter_cfg.o)
 .ARM.attributes
                0x00000131       0x33 .\CortexM3\ARM_GCC_473\Debug\Mux_SAR_ADC_Test.a(ADC_SAR_Seq_1.o)
 .ARM.attributes
                0x00000164       0x33 .\CortexM3\ARM_GCC_473\Debug\Mux_SAR_ADC_Test.a(ADC_SAR_Seq_1_INT.o)
 .ARM.attributes
                0x00000197       0x33 .\CortexM3\ARM_GCC_473\Debug\Mux_SAR_ADC_Test.a(DMA_1_dma.o)
 .ARM.attributes
                0x000001ca       0x33 .\CortexM3\ARM_GCC_473\Debug\Mux_SAR_ADC_Test.a(ADC_SAR_Seq_1_SAR.o)
 .ARM.attributes
                0x000001fd       0x33 .\CortexM3\ARM_GCC_473\Debug\Mux_SAR_ADC_Test.a(ADC_SAR_Seq_1_TempBuf_dma.o)
 .ARM.attributes
                0x00000230       0x33 .\CortexM3\ARM_GCC_473\Debug\Mux_SAR_ADC_Test.a(ADC_SAR_Seq_1_FinalBuf_dma.o)
 .ARM.attributes
                0x00000263       0x33 .\CortexM3\ARM_GCC_473\Debug\Mux_SAR_ADC_Test.a(ADC_SAR_Seq_1_IRQ.o)
 .ARM.attributes
                0x00000296       0x21 .\CortexM3\ARM_GCC_473\Debug\Mux_SAR_ADC_Test.a(CyBootAsmGnu.o)
 .ARM.attributes
                0x000002b7       0x33 .\CortexM3\ARM_GCC_473\Debug\Mux_SAR_ADC_Test.a(CyDmac.o)
 .ARM.attributes
                0x000002ea       0x33 .\CortexM3\ARM_GCC_473\Debug\Mux_SAR_ADC_Test.a(CyLib.o)
 .ARM.attributes
                0x0000031d       0x33 .\CortexM3\ARM_GCC_473\Debug\Mux_SAR_ADC_Test.a(cyPm.o)
 .ARM.attributes
                0x00000350       0x33 .\CortexM3\ARM_GCC_473\Debug\Mux_SAR_ADC_Test.a(isr_1.o)
 .ARM.attributes
                0x00000383       0x33 .\CortexM3\ARM_GCC_473\Debug\Mux_SAR_ADC_Test.a(LCD.o)
 .ARM.attributes
                0x000003b6       0x33 .\CortexM3\ARM_GCC_473\Debug\Mux_SAR_ADC_Test.a(CyFlash.o)
 .ARM.attributes
                0x000003e9       0x33 .\CortexM3\ARM_GCC_473\Debug\Mux_SAR_ADC_Test.a(CySpc.o)
 .ARM.attributes
                0x0000041c       0x1d c:/program files (x86)/cypress/psoc creator/3.0/psoc creator/import/gnu_cs/arm/4.7.3/bin/../lib/gcc/arm-none-eabi/4.7.3/armv7-m\libgcc.a(_arm_addsubsf3.o)
 .ARM.attributes
                0x00000439       0x1d c:/program files (x86)/cypress/psoc creator/3.0/psoc creator/import/gnu_cs/arm/4.7.3/bin/../lib/gcc/arm-none-eabi/4.7.3/armv7-m\libgcc.a(_arm_muldivsf3.o)
 .ARM.attributes
                0x00000456       0x1d c:/program files (x86)/cypress/psoc creator/3.0/psoc creator/import/gnu_cs/arm/4.7.3/bin/../lib/gcc/arm-none-eabi/4.7.3/armv7-m\libgcc.a(_aeabi_ldivmod.o)
 .ARM.attributes
                0x00000473       0x2d c:/program files (x86)/cypress/psoc creator/3.0/psoc creator/import/gnu_cs/arm/4.7.3/bin/../lib/gcc/arm-none-eabi/4.7.3/armv7-m\libgcc.a(bpabi.o)
 .ARM.attributes
                0x000004a0       0x1d c:/program files (x86)/cypress/psoc creator/3.0/psoc creator/import/gnu_cs/arm/4.7.3/bin/../lib/gcc/arm-none-eabi/4.7.3/armv7-m\libgcc.a(_dvmd_tls.o)
 .ARM.attributes
                0x000004bd       0x2d c:/program files (x86)/cypress/psoc creator/3.0/psoc creator/import/gnu_cs/arm/4.7.3/bin/../lib/gcc/arm-none-eabi/4.7.3/armv7-m\libgcc.a(_divdi3.o)
 .ARM.attributes
                0x000004ea       0x2d c:/program files (x86)/cypress/psoc creator/3.0/psoc creator/import/gnu_cs/arm/4.7.3/bin/../lib/gcc/arm-none-eabi/4.7.3/armv7-m\libgcc.a(_udivdi3.o)
 .ARM.attributes
                0x00000517       0x2d c:/program files (x86)/cypress/psoc creator/3.0/psoc creator/import/gnu_cs/arm/4.7.3/bin/../lib/gcc/arm-none-eabi/4.7.3/../../../../arm-none-eabi/lib/armv7-m\libc_s.a(lib_a-__atexit2.o)
 .ARM.attributes
                0x00000544       0x2d c:/program files (x86)/cypress/psoc creator/3.0/psoc creator/import/gnu_cs/arm/4.7.3/bin/../lib/gcc/arm-none-eabi/4.7.3/../../../../arm-none-eabi/lib/armv7-m\libc_s.a(lib_a-exit.o)
 .ARM.attributes
                0x00000571       0x2d c:/program files (x86)/cypress/psoc creator/3.0/psoc creator/import/gnu_cs/arm/4.7.3/bin/../lib/gcc/arm-none-eabi/4.7.3/../../../../arm-none-eabi/lib/armv7-m\libc_s.a(lib_a-fini.o)
 .ARM.attributes
                0x0000059e       0x2d c:/program files (x86)/cypress/psoc creator/3.0/psoc creator/import/gnu_cs/arm/4.7.3/bin/../lib/gcc/arm-none-eabi/4.7.3/../../../../arm-none-eabi/lib/armv7-m\libc_s.a(lib_a-impure.o)
 .ARM.attributes
                0x000005cb       0x2d c:/program files (x86)/cypress/psoc creator/3.0/psoc creator/import/gnu_cs/arm/4.7.3/bin/../lib/gcc/arm-none-eabi/4.7.3/../../../../arm-none-eabi/lib/armv7-m\libc_s.a(lib_a-init.o)
 .ARM.attributes
                0x000005f8       0x2d c:/program files (x86)/cypress/psoc creator/3.0/psoc creator/import/gnu_cs/arm/4.7.3/bin/../lib/gcc/arm-none-eabi/4.7.3/../../../../arm-none-eabi/lib/armv7-m\libc_s.a(lib_a-memcpy.o)
 .ARM.attributes
                0x00000625       0x2d c:/program files (x86)/cypress/psoc creator/3.0/psoc creator/import/gnu_cs/arm/4.7.3/bin/../lib/gcc/arm-none-eabi/4.7.3/../../../../arm-none-eabi/lib/armv7-m\libc_s.a(lib_a-memset.o)
 .ARM.attributes
                0x00000652       0x2d c:/program files (x86)/cypress/psoc creator/3.0/psoc creator/import/gnu_cs/arm/4.7.3/bin/../lib/gcc/arm-none-eabi/4.7.3/armv7-m/crtend.o
 .ARM.attributes
                0x0000067f       0x1d c:/program files (x86)/cypress/psoc creator/3.0/psoc creator/import/gnu_cs/arm/4.7.3/bin/../lib/gcc/arm-none-eabi/4.7.3/armv7-m/crtn.o

/DISCARD/
 *(.note.GNU-stack)
OUTPUT(.\CortexM3\ARM_GCC_473\Debug\Mux_SAR_ADC_Test.elf elf32-littlearm)
